{
  "filters_used": [
    {
      "path": "detect_secrets.filters.allowlist.is_line_allowlisted"
    },
    {
      "path": "detect_secrets.filters.heuristic.is_sequential_string"
    },
    {
      "path": "detect_secrets.filters.heuristic.is_potential_uuid"
    },
    {
      "path": "detect_secrets.filters.heuristic.is_likely_id_string"
    },
    {
      "path": "detect_secrets.filters.heuristic.is_templated_secret"
    },
    {
      "path": "detect_secrets.filters.heuristic.is_prefixed_with_dollar_sign"
    },
    {
      "path": "detect_secrets.filters.heuristic.is_indirect_reference"
    },
    {
      "min_level": 2,
      "path": "detect_secrets.filters.common.is_ignored_due_to_verification_policies"
    },
    {
      "path": "detect_secrets.filters.heuristic.is_lock_file"
    },
    {
      "path": "detect_secrets.filters.heuristic.is_not_alphanumeric_string"
    },
    {
      "path": "detect_secrets.filters.heuristic.is_swagger_file"
    }
  ],
  "generated_at": "2020-08-17T20:01:57Z",
  "plugins_used": [
    {
      "name": "AWSKeyDetector"
    },
    {
      "name": "ArtifactoryDetector"
    },
    {
      "limit": 4.5,
      "name": "Base64HighEntropyString"
    },
    {
      "name": "BasicAuthDetector"
    },
    {
      "name": "CloudantDetector"
    },
    {
      "limit": 3,
      "name": "HexHighEntropyString"
    },
    {
      "name": "IbmCloudIamDetector"
    },
    {
      "name": "IbmCosHmacDetector"
    },
    {
      "name": "JwtTokenDetector"
    },
    {
      "keyword_exclude": null,
      "name": "KeywordDetector"
    },
    {
      "name": "MailchimpDetector"
    },
    {
      "name": "PrivateKeyDetector"
    },
    {
      "name": "SlackDetector"
    },
    {
      "name": "SoftlayerDetector"
    },
    {
      "name": "StripeDetector"
    },
    {
      "name": "TwilioKeyDetector"
    }
  ],
  "results": {
    ".yarn/releases/yarn-4.18.0.cjs": [
      {
        "filename": ".yarn/releases/yarn-4.18.0.cjs",
        "hashed_secret": "3c3b274d119ff5a5ec6c1e215c1cb794d9973ac1",
        "is_secret": false,
        "is_verified": false,
        "line_number": 149,
        "type": "Secret Keyword"
      },
      {
        "filename": ".yarn/releases/yarn-4.18.0.cjs",
        "hashed_secret": "1d278d3c888d1a2fa7eed622bfc02927ce4049af",
        "is_secret": false,
        "is_verified": false,
        "line_number": 150,
        "type": "Base64 High Entropy String"
      },
      {
        "filename": ".yarn/releases/yarn-4.18.0.cjs",
        "hashed_secret": "12071319d0f23ac7619ac2050cc4f288e0f2a295",
        "is_secret": false,
        "is_verified": false,
        "line_number": 193,
        "type": "Base64 High Entropy String"
      },
      {
        "filename": ".yarn/releases/yarn-4.18.0.cjs",
        "hashed_secret": "9af3842326eadff7d85a55edfec67f6d8a3a259f",
        "is_secret": false,
        "is_verified": false,
        "line_number": 249,
        "type": "Secret Keyword"
      },
      {
        "filename": ".yarn/releases/yarn-4.18.0.cjs",
        "hashed_secret": "056530547230d800dcaedfde227681dc1ae0cb28",
        "is_secret": false,
        "is_verified": false,
        "line_number": 324,
        "type": "Base64 High Entropy String"
      },
      {
        "filename": ".yarn/releases/yarn-4.18.0.cjs",
        "hashed_secret": "a90536c15aaa05eb2081b34fde6b6d51e94c9379",
        "is_secret": false,
        "is_verified": false,
        "line_number": 324,
        "type": "Base64 High Entropy String"
      },
      {
        "filename": ".yarn/releases/yarn-4.18.0.cjs",
        "hashed_secret": "535fa6d9d262a7e8b003ca52be45d3f0db2d0866",
        "is_secret": false,
        "is_verified": false,
        "line_number": 565,
        "type": "Base64 High Entropy String"
      },
      {
        "filename": ".yarn/releases/yarn-4.18.0.cjs",
        "hashed_secret": "714e06876cbf3c560a8f18050d92ffdd4caaed5c",
        "is_secret": false,
        "is_verified": false,
        "line_number": 565,
        "type": "Base64 High Entropy String"
      },
      {
        "filename": ".yarn/releases/yarn-4.18.0.cjs",
        "hashed_secret": "9766ad31d2956f7f21ded6c94130fc545835314b",
        "is_secret": false,
        "is_verified": false,
        "line_number": 565,
        "type": "Base64 High Entropy String"
      },
      {
        "filename": ".yarn/releases/yarn-4.18.0.cjs",
        "hashed_secret": "92bf970fbfbcc024a0dc74f879871b3cad344ab8",
        "is_secret": false,
        "is_verified": false,
        "line_number": 609,
        "type": "Hex High Entropy String"
      },
      {
        "filename": ".yarn/releases/yarn-4.18.0.cjs",
        "hashed_secret": "92bf970fbfbcc024a0dc74f879871b3cad344ab8",
        "is_secret": false,
        "is_verified": false,
        "line_number": 609,
        "type": "Secret Keyword"
      },
      {
        "filename": ".yarn/releases/yarn-4.18.0.cjs",
        "hashed_secret": "a1f9bee0d4a9474a6e447dd7899be066acaac2ae",
        "is_secret": false,
        "is_verified": false,
        "line_number": 762,
        "type": "Hex High Entropy String"
      }
    ]
  },
  "version": "1.3.0"
}
